myLibrary.c:36:6:SysTickEnable	0	static,ignoring_inline_asm
myLibrary.c:43:6:SysTickDisable	0	static,ignoring_inline_asm
myLibrary.c:50:10:measureDistance	24	static,ignoring_inline_asm
myLibrary.c:74:6:ESP_RESET	8	static
myLibrary.c:113:6:ESP_Clear_Buffer	8	static
myLibrary.c:83:6:ESP_Server_Init	8	static
myLibrary.c:119:6:calculateBattery	0	static
myLibrary.c:126:6:updateScreen	136	static
myLibrary.c:158:6:measureDistances	8	static
myLibrary.c:167:9:string_compare	12	static
myLibrary.c:181:5:string_contains	24	static
myLibrary.c:292:6:sendData	496	static
myLibrary.c:310:6:setSpeed	8	static
myLibrary.c:326:6:stopMotors	8	static
myLibrary.c:316:6:halt	8	static
myLibrary.c:25:6:HAL_ADC_ConvCpltCallback	8	static
myLibrary.c:336:6:drivingAssistance	8	static
myLibrary.c:193:6:messageHandler	16	static
myLibrary.c:348:10:HAL_GetTick	0	static,ignoring_inline_asm
