myLibrary.c:36:6:SysTickEnable	0	static,ignoring_inline_asm
myLibrary.c:43:6:SysTickDisable	0	static,ignoring_inline_asm
myLibrary.c:50:10:measureDistance	24	static,ignoring_inline_asm
myLibrary.c:74:6:ESP_RESET	8	static
myLibrary.c:112:6:ESP_Clear_Buffer	8	static
myLibrary.c:83:6:ESP_Server_Init	8	static
myLibrary.c:118:6:calculateBattery	0	static
myLibrary.c:125:6:updateScreen	136	static
myLibrary.c:157:6:measureDistances	8	static
myLibrary.c:166:9:string_compare	12	static
myLibrary.c:180:5:string_contains	24	static
myLibrary.c:290:6:sendData	496	static
myLibrary.c:308:6:setSpeed	8	static
myLibrary.c:320:6:stopMotors	8	static
myLibrary.c:314:6:halt	8	static
myLibrary.c:25:6:HAL_ADC_ConvCpltCallback	8	static
myLibrary.c:330:6:drivingAssistance	8	static
myLibrary.c:192:6:messageHandler	16	static
myLibrary.c:342:10:HAL_GetTick	0	static,ignoring_inline_asm
