stm32f4xx_it.c:75:6:NMI_Handler	0	static
stm32f4xx_it.c:90:6:HardFault_Handler	0	static
stm32f4xx_it.c:105:6:MemManage_Handler	0	static
stm32f4xx_it.c:120:6:BusFault_Handler	0	static
stm32f4xx_it.c:135:6:UsageFault_Handler	0	static
stm32f4xx_it.c:150:6:SVC_Handler	0	static
stm32f4xx_it.c:163:6:DebugMon_Handler	0	static
stm32f4xx_it.c:176:6:PendSV_Handler	0	static
stm32f4xx_it.c:189:6:SysTick_Handler	8	static
stm32f4xx_it.c:210:6:ADC_IRQHandler	8	static
stm32f4xx_it.c:224:6:TIM2_IRQHandler	8	static
stm32f4xx_it.c:240:6:TIM3_IRQHandler	8	static
stm32f4xx_it.c:271:6:TIM4_IRQHandler	8	static
stm32f4xx_it.c:289:6:USART1_IRQHandler	8	static
